
> secure-vote-backend@1.0.0 test
> vitest run


[1m[46m RUN [49m[22m [36mv4.0.18 [39m[90mC:/Users/merug/Desktop/Secure-Transparent-Electronic-Voting-System/backend-api[39m

 [31mΓ¥»[39m tests/fraudEngine.test.js [2m([22m[2m3 tests[22m[2m | [22m[31m2 failed[39m[2m)[22m[32m 88[2mms[22m[39m
[31m     [31m├ù[31m should return FALSE when velocity is below limit[39m[32m 82[2mms[22m[39m
[31m     [31m├ù[31m should return TRUE when velocity exceeds limit[39m[32m 4[2mms[22m[39m
     [32mΓ£ô[39m should return FALSE for unknown action type[32m 0[2mms[22m[39m
 [31mΓ¥»[39m tests/health.test.js [2m([22m[2m1 test[22m[2m | [22m[31m1 failed[39m[2m)[22m[32m 27[2mms[22m[39m
[31m     [31m├ù[31m GET / should return 200 and welcome message[39m[32m 26[2mms[22m[39m
[90mstdout[2m | tests/fraud_supertest.test.js
[22m[39mGenerating new election keys (3072-bit)... This might take a moment.
RSA Blind Singature Keys Generated

[90mstdout[2m | tests/election_history.test.js
[22m[39mGenerating new election keys (3072-bit)... This might take a moment.
RSA Blind Singature Keys Generated

[90mstdout[2m | tests/auth.test.js
[22m[39mGenerating new election keys (3072-bit)... This might take a moment.
RSA Blind Singature Keys Generated

[90mstdout[2m | tests/jwt_roles.test.js
[22m[39mGenerating new election keys (3072-bit)... This might take a moment.
RSA Blind Singature Keys Generated

 [32mΓ£ô[39m tests/fraud_supertest.test.js [2m([22m[2m2 tests[22m[2m)[22m[33m 306[2mms[22m[39m
 [32mΓ£ô[39m tests/auth.test.js [2m([22m[2m1 test[22m[2m)[22m[32m 216[2mms[22m[39m
 [32mΓ£ô[39m tests/election_history.test.js [2m([22m[2m6 tests[22m[2m)[22m[33m 427[2mms[22m[39m
[90mstdout[2m | tests/auditor.test.js
[22m[39mGenerating new election keys (3072-bit)... This might take a moment.
RSA Blind Singature Keys Generated

[90mstdout[2m | tests/jwt.test.js
[22m[39mGenerating new election keys (3072-bit)... This might take a moment.
RSA Blind Singature Keys Generated

 [31mΓ¥»[39m tests/jwt_roles.test.js [2m([22m[2m9 tests[22m[2m | [22m[31m7 failed[39m[2m)[22m[33m 445[2mms[22m[39m
[31m       [31m├ù[31m should login successfully and return a token[39m[32m 291[2mms[22m[39m
[31m       [31m├ù[31m should have created a session in admin_sessions table[39m[32m 109[2mms[22m[39m
       [32mΓ£ô[39m should access protected admin route with valid token[32m 7[2mms[22m[39m
[31m       [31m├ù[31m should login successfully and return a token[39m[32m 10[2mms[22m[39m
[31m       [31m├ù[31m should have created a session in sysadmin_sessions table[39m[32m 3[2mms[22m[39m
       [32mΓ£ô[39m should access protected admin route with valid sysadmin token[32m 5[2mms[22m[39m
[31m       [31m├ù[31m should reject access without token[39m[32m 6[2mms[22m[39m
[31m       [31m├ù[31m should reject access with invalid token signature[39m[32m 6[2mms[22m[39m
[31m       [31m├ù[31m should reject access with device mismatch[39m[32m 7[2mms[22m[39m
[90mstdout[2m | tests/jwt.test.js[2m > [22m[2mJWT Authentication System[2m > [22m[2m1. Should securely register a new observer
[22m[39mObserver vitest_obs_1772821342914 (general) created.

 [31mΓ¥»[39m tests/jwt.test.js [2m([22m[2m3 tests[22m[2m | [22m[31m2 failed[39m[2m)[22m[32m 201[2mms[22m[39m
     [32mΓ£ô[39m 1. Should securely register a new observer[32m 173[2mms[22m[39m
[31m     [31m├ù[31m 2. Should authenticate and return an active JWT Token[39m[32m 14[2mms[22m[39m
[31m     [31m├ù[31m 3. The backend middleware should REJECT missing JWT tokens[39m[32m 11[2mms[22m[39m
 [32mΓ£ô[39m tests/auditor.test.js [2m([22m[2m1 test[22m[2m)[22m[33m 322[2mms[22m[39m
     [33m[2mΓ£ô[22m[39m Should successfully export the immutable ledger as a .zip file [33m 320[2mms[22m[39m
npm : 
At line:1 char:1
+ npm run test > 
test_output.txt 2>&1 
; type 
test_output.txt > 
test_out ...
+ ~~~~~~~~~~~~~~~~~~~~
~~~~~~~~~~~~~~~
    + CategoryInfo    
          : NotSpeci  
  fied: (:String) [   
 ], RemoteExceptio    
n
    + FullyQualifiedE 
   rrorId : NativeCo  
  mmandError
 
[31mΓÄ»ΓÄ»ΓÄ»ΓÄ»ΓÄ»ΓÄ
»[39m[1m[41m 
Failed Tests 12 [49m
[22m[31mΓÄ»ΓÄ»ΓÄ»ΓÄ»Γ
Ä»ΓÄ»ΓÄ»[39m

[41m[1m FAIL 
[22m[49m tests/fraud
Engine.test.js[2m > 
[22mFraud Engine - 
Velocity Checks[2m > 
[22mshould return 
FALSE when velocity 
is below limit
[31m[1mAssertionErro
r[22m: expected 
"vi.fn()" to be 
called 1 times, but 
got 0 times[39m
[36m [2mΓ¥»[22m tes
ts/fraudEngine.test.js
:[2m21:32[22m[39m
    [90m 19| [39m
    [90m 20| [39m   
     [34mexpect[39m(
result)[33m.[39m[34
mtoBe[39m([35mfalse
[39m)[33m;[39m
    [90m 21| [39m   
     [34mexpect[39m(
mockPool[33m.[39mque
ry)[33m.[39m[34mtoH
aveBeenCalledTimes[39
m([34m1[39m)[33m;[
39m
    [90m   | [39m   
                      
      [31m^[39m
    [90m 22| [39m   
     [34mexpect[39m(
mockPool[33m.[39mque
ry)[33m.[39m[34mtoH
aveBeenCalledWith[39m
(
    [90m 23| [39m   
         expect[33m.
[39m[34mstringContain
ing[39m([32m'SELECT 
COUNT(*)'[39m)[33m,
[39m

[31m[2mΓÄ»ΓÄ»ΓÄ»ΓÄ»Γ
Ä»ΓÄ»ΓÄ»ΓÄ»ΓÄ»ΓÄ»ΓÄ»ΓÄ
»ΓÄ»ΓÄ»ΓÄ»ΓÄ»ΓÄ»ΓÄ»ΓÄ»
ΓÄ»ΓÄ»ΓÄ»ΓÄ»[1/12]ΓÄ»
[22m[39m

[41m[1m FAIL 
[22m[49m tests/fraud
Engine.test.js[2m > 
[22mFraud Engine - 
Velocity Checks[2m > 
[22mshould return 
TRUE when velocity 
exceeds limit
[31m[1mAssertionErro
r[22m: expected 
false to be true // 
Object.is 
equality[39m

[32m- Expected[39m
[31m+ Received[39m

[32m- true[39m
[31m+ false[39m

[36m [2mΓ¥»[22m tes
ts/fraudEngine.test.js
:[2m34:24[22m[39m
    [90m 32| [39m   
     const result = 
await checkIpVelocity(
'127.0.0.1', 
'REGISTRATIOΓÇª
    [90m 33| [39m
    [90m 34| [39m   
     [34mexpect[39m(
result)[33m.[39m[34
mtoBe[39m([35mtrue[
39m)[33m;[39m
    [90m   | [39m   
                    
[31m^[39m
    [90m 35| [39m   
 })[33m;[39m
    [90m 36| [39m

[31m[2mΓÄ»ΓÄ»ΓÄ»ΓÄ»Γ
Ä»ΓÄ»ΓÄ»ΓÄ»ΓÄ»ΓÄ»ΓÄ»ΓÄ
»ΓÄ»ΓÄ»ΓÄ»ΓÄ»ΓÄ»ΓÄ»ΓÄ»
ΓÄ»ΓÄ»ΓÄ»ΓÄ»[2/12]ΓÄ»
[22m[39m

[41m[1m FAIL 
[22m[49m tests/healt
h.test.js[2m > 
[22mHealth Check 
API[2m > [22mGET / 
should return 200 and 
welcome message
{
  stack: 
'AggregateError: \n' +
    '    at internalCo
nnectMultiple 
(node:net:1116:18)\n' 
+
    '    at 
afterConnectMultiple 
(node:net:1683:7)',
  errors: [
    {
      stack: 'Error: 
connect ECONNREFUSED 
::1:5000\n' +
        '    at 
createConnectionError 
(node:net:1646:14)\n' 
+
        '    at 
afterConnectMultiple 
(node:net:1676:16)',
      message: 
'connect ECONNREFUSED 
::1:5000',
      errno: -4078,
      code: 
'ECONNREFUSED',
      syscall: 
'connect',
      address: '::1',
      port: 5000,
      constructor: 
'Function<Error>',
      name: 'Error',
      toString: 
'Function<toString>'
    },
    {
      stack: 'Error: 
connect ECONNREFUSED 
127.0.0.1:5000\n' +
        '    at 
createConnectionError 
(node:net:1646:14)\n' 
+
        '    at 
afterConnectMultiple 
(node:net:1676:16)',
      message: 
'connect ECONNREFUSED 
127.0.0.1:5000',
      errno: -4078,
      code: 
'ECONNREFUSED',
      syscall: 
'connect',
      address: 
'127.0.0.1',
      port: 5000,
      constructor: 
'Function<Error>',
      name: 'Error',
      toString: 
'Function<toString>'
    }
  ],
  code: 
'ECONNREFUSED',
  response: undefined,
  constructor: 'Functi
on<AggregateError>',
  name: 
'AggregateError',
  message: '',
  toString: 
'Function<toString>',
  stacks: []
}
[31m[2mΓÄ»ΓÄ»ΓÄ»ΓÄ»Γ
Ä»ΓÄ»ΓÄ»ΓÄ»ΓÄ»ΓÄ»ΓÄ»ΓÄ
»ΓÄ»ΓÄ»ΓÄ»ΓÄ»ΓÄ»ΓÄ»ΓÄ»
ΓÄ»ΓÄ»ΓÄ»ΓÄ»[3/12]ΓÄ»
[22m[39m

[41m[1m FAIL 
[22m[49m 
tests/jwt.test.js[2m 
> [22mJWT 
Authentication 
System[2m > [22m2. 
Should authenticate 
and return an active 
JWT Token
[31m[1mAssertionErro
r[22m: expected 
undefined to be 
defined[39m
[36m [2mΓ¥»[22m tes
ts/jwt.test.js:[2m45:
32[22m[39m
    [90m 43| [39m
    [90m 44| [39m   
     [90m// Assert 
JWT exists[39m
    [90m 45| [39m   
     [34mexpect[39m(
res[33m.[39mbody[33
m.[39mtoken)[33m.[3
9m[34mtoBeDefined[39
m()[33m;[39m
    [90m   | [39m   
                      
      [31m^[39m
    [90m 46| [39m   
     [34mexpect[39m(
[35mtypeof[39m res[
33m.[39mbody[33m.[3
9mtoken)[33m.[39m[3
4mtoBe[39m([32m'stri
ng'[39m)[33m;[39m
    [90m 47| [39m   
     expect(res.body.t
oken.split('.').length
).toBe(3); // JWTs 
alwaΓÇª

[31m[2mΓÄ»ΓÄ»ΓÄ»ΓÄ»Γ
Ä»ΓÄ»ΓÄ»ΓÄ»ΓÄ»ΓÄ»ΓÄ»ΓÄ
»ΓÄ»ΓÄ»ΓÄ»ΓÄ»ΓÄ»ΓÄ»ΓÄ»
ΓÄ»ΓÄ»ΓÄ»ΓÄ»[4/12]ΓÄ»
[22m[39m

[41m[1m FAIL 
[22m[49m 
tests/jwt.test.js[2m 
> [22mJWT 
Authentication 
System[2m > [22m3. 
The backend 
middleware should 
REJECT missing JWT 
tokens
[31m[1mAssertionErro
r[22m: expected [ 
401, 403 ] to include 
200[39m
[36m [2mΓ¥»[22m tes
ts/jwt.test.js:[2m63:
28[22m[39m
    [90m 61| [39m
    [90m 62| [39m   
     // Ensure the 
authMiddleware 
blocked it (401 
Unauthorized or 4ΓÇª
    [90m 63| [39m   
     [34mexpect[39m(
[[34m401[39m[33m,[
39m [34m403[39m])[3
3m.[39m[34mtoContain
[39m(res[33m.[39mst
atus)[33m;[39m
    [90m   | [39m   
                      
  [31m^[39m
    [90m 64| [39m   
 })[33m;[39m
    [90m 65| 
[39m})[33m;[39m

[31m[2mΓÄ»ΓÄ»ΓÄ»ΓÄ»Γ
Ä»ΓÄ»ΓÄ»ΓÄ»ΓÄ»ΓÄ»ΓÄ»ΓÄ
»ΓÄ»ΓÄ»ΓÄ»ΓÄ»ΓÄ»ΓÄ»ΓÄ»
ΓÄ»ΓÄ»ΓÄ»ΓÄ»[5/12]ΓÄ»
[22m[39m

[41m[1m FAIL 
[22m[49m tests/jwt_r
oles.test.js[2m > 
[22mRole-Based JWT 
Authentication & 
Session Tests[2m > 
[22m1. Admin 
(PRE_POLL) 
Authentication[2m > 
[22mshould login 
successfully and 
return a token
[31m[1mAssertionErro
r[22m: expected 
undefined to be 
defined[39m
[36m [2mΓ¥»[22m tes
ts/jwt_roles.test.js:
[2m32:36[22m[39m
    [90m 30| [39m   
         [34mexpect[
39m(res[33m.[39mstat
us)[33m.[39m[34mtoB
e[39m([34m200[39m)
[33m;[39m
    [90m 31| [39m   
         [34mexpect[
39m(res[33m.[39mbody
[33m.[39msuccess)[3
3m.[39m[34mtoBe[39m
([35mtrue[39m)[33m;
[39m
    [90m 32| [39m   
         [34mexpect[
39m(res[33m.[39mbody
[33m.[39mtoken)[33m
.[39m[34mtoBeDefined
[39m()[33m;[39m
    [90m   | [39m   
                      
          [31m^[39m
    [90m 33| [39m   
         adminToken 
[33m=[39m res[33m.
[39mbody[33m.[39mtok
en[33m;[39m
    [90m 34| [39m   
     })[33m;[39m

[31m[2mΓÄ»ΓÄ»ΓÄ»ΓÄ»Γ
Ä»ΓÄ»ΓÄ»ΓÄ»ΓÄ»ΓÄ»ΓÄ»ΓÄ
»ΓÄ»ΓÄ»ΓÄ»ΓÄ»ΓÄ»ΓÄ»ΓÄ»
ΓÄ»ΓÄ»ΓÄ»ΓÄ»[6/12]ΓÄ»
[22m[39m

[41m[1m FAIL 
[22m[49m tests/jwt_r
oles.test.js[2m > 
[22mRole-Based JWT 
Authentication & 
Session Tests[2m > 
[22m1. Admin 
(PRE_POLL) 
Authentication[2m > 
[22mshould have 
created a session in 
admin_sessions table
[31m[1mAssertionErro
r[22m: expected +0 
to be 1 // Object.is 
equality[39m

[32m- Expected[39m
[31m+ Received[39m

[32m- 1[39m
[31m+ 0[39m

[36m [2mΓ¥»[22m tes
ts/jwt_roles.test.js:
[2m42:33[22m[39m
    [90m 40| [39m   
             
[tokenHash]
    [90m 41| [39m   
         )[33m;[39m
    [90m 42| [39m   
         [34mexpect[
39m(rows[33m.[39mlen
gth)[33m.[39m[34mto
Be[39m([34m1[39m)[
33m;[39m
    [90m   | [39m   
                      
       [31m^[39m
    [90m 43| [39m   
         [34mexpect[
39m(rows[[34m0[39m]
[33m.[39mdevice_hash)
[33m.[39m[34mtoBe[
39m([32m'test-admin-d
evice'[39m)[33m;[39
m
    [90m 44| [39m   
     })[33m;[39m

[31m[2mΓÄ»ΓÄ»ΓÄ»ΓÄ»Γ
Ä»ΓÄ»ΓÄ»ΓÄ»ΓÄ»ΓÄ»ΓÄ»ΓÄ
»ΓÄ»ΓÄ»ΓÄ»ΓÄ»ΓÄ»ΓÄ»ΓÄ»
ΓÄ»ΓÄ»ΓÄ»ΓÄ»[7/12]ΓÄ»
[22m[39m

[41m[1m FAIL 
[22m[49m tests/jwt_r
oles.test.js[2m > 
[22mRole-Based JWT 
Authentication & 
Session Tests[2m > 
[22m2. SysAdmin 
Authentication[2m > 
[22mshould login 
successfully and 
return a token
[31m[1mAssertionErro
r[22m: expected 
undefined to be 
defined[39m
[36m [2mΓ¥»[22m tes
ts/jwt_roles.test.js:
[2m66:36[22m[39m
    [90m 64| [39m   
         [34mexpect[
39m(res[33m.[39mstat
us)[33m.[39m[34mtoB
e[39m([34m200[39m)
[33m;[39m
    [90m 65| [39m   
         [34mexpect[
39m(res[33m.[39mbody
[33m.[39msuccess)[3
3m.[39m[34mtoBe[39m
([35mtrue[39m)[33m;
[39m
    [90m 66| [39m   
         [34mexpect[
39m(res[33m.[39mbody
[33m.[39mtoken)[33m
.[39m[34mtoBeDefined
[39m()[33m;[39m
    [90m   | [39m   
                      
          [31m^[39m
    [90m 67| [39m   
         
sysAdminToken 
[33m=[39m res[33m.
[39mbody[33m.[39mtok
en[33m;[39m
    [90m 68| [39m   
     })[33m;[39m

[31m[2mΓÄ»ΓÄ»ΓÄ»ΓÄ»Γ
Ä»ΓÄ»ΓÄ»ΓÄ»ΓÄ»ΓÄ»ΓÄ»ΓÄ
»ΓÄ»ΓÄ»ΓÄ»ΓÄ»ΓÄ»ΓÄ»ΓÄ»
ΓÄ»ΓÄ»ΓÄ»ΓÄ»[8/12]ΓÄ»
[22m[39m

[41m[1m FAIL 
[22m[49m tests/jwt_r
oles.test.js[2m > 
[22mRole-Based JWT 
Authentication & 
Session Tests[2m > 
[22m2. SysAdmin 
Authentication[2m > 
[22mshould have 
created a session in 
sysadmin_sessions 
table
[31m[1mAssertionErro
r[22m: expected +0 
to be 1 // Object.is 
equality[39m

[32m- Expected[39m
[31m+ Received[39m

[32m- 1[39m
[31m+ 0[39m

[36m [2mΓ¥»[22m tes
ts/jwt_roles.test.js:
[2m76:33[22m[39m
    [90m 74| [39m   
             
[tokenHash]
    [90m 75| [39m   
         )[33m;[39m
    [90m 76| [39m   
         [34mexpect[
39m(rows[33m.[39mlen
gth)[33m.[39m[34mto
Be[39m([34m1[39m)[
33m;[39m
    [90m   | [39m   
                      
       [31m^[39m
    [90m 77| [39m   
         [34mexpect[
39m(rows[[34m0[39m]
[33m.[39mdevice_hash)
[33m.[39m[34mtoBe[
39m([32m'test-sysadmi
n-device'[39m)[33m;
[39m
    [90m 78| [39m   
     })[33m;[39m

[2m Test Files [22m [1m[31m4 failed[39m[22m[2m | [22m[1m[32m4 passed[39m[22m[90m (8)[39m
[2m      Tests [22m [1m[31m12 failed[39m[22m[2m | [22m[1m[32m14 passed[39m[22m[90m (26)[39m
[2m   Start at [22m 23:52:21
[2m   Duration [22m 1.69s[2m (transform 298ms, setup 0ms, import 5.28s, tests 2.03s, environment 2ms)[22m


[31m[2mΓÄ»ΓÄ»ΓÄ»ΓÄ»Γ
Ä»ΓÄ»ΓÄ»ΓÄ»ΓÄ»ΓÄ»ΓÄ»ΓÄ
»ΓÄ»ΓÄ»ΓÄ»ΓÄ»ΓÄ»ΓÄ»ΓÄ»
ΓÄ»ΓÄ»ΓÄ»ΓÄ»[9/12]ΓÄ»
[22m[39m

[41m[1m FAIL 
[22m[49m tests/jwt_r
oles.test.js[2m > 
[22mRole-Based JWT 
Authentication & 
Session Tests[2m > 
[22m3. Middleware 
Security 
Enforcements[2m > 
[22mshould reject 
access without token
[31m[1mAssertionErro
r[22m: expected 200 
to be 401 // 
Object.is 
equality[39m

[32m- Expected[39m
[31m+ Received[39m

[32m- 401[39m
[31m+ 200[39m

[36m [2mΓ¥»[22m tes
ts/jwt_roles.test.js:
[2m94:32[22m[39m
    [90m 92| [39m   
     [34mit[39m([32
m'should reject 
access without token'
[39m[33m,[39m 
[35masync[39m () 
[33m=>[39m {
    [90m 93| [39m   
         
[35mconst[39m res 
[33m=[39m 
[35mawait[39m [34mr
equest[39m(app)[33m.
[39m[35mget[39m([3
2m'/api/admin/list'[3
9m)[33m;[39m
    [90m 94| [39m   
         [34mexpect[
39m(res[33m.[39mstat
us)[33m.[39m[34mtoB
e[39m([34m401[39m)
[33m;[39m
    [90m   | [39m   
                      
      [31m^[39m
    [90m 95| [39m   
         [34mexpect[
39m(res[33m.[39mbody
[33m.[39merror)[33m
.[39m[34mtoContain[
39m([32m'No token pro
vided'[39m)[33m;[39
m
    [90m 96| [39m   
     })[33m;[39m

[31m[2mΓÄ»ΓÄ»ΓÄ»ΓÄ»Γ
Ä»ΓÄ»ΓÄ»ΓÄ»ΓÄ»ΓÄ»ΓÄ»ΓÄ
»ΓÄ»ΓÄ»ΓÄ»ΓÄ»ΓÄ»ΓÄ»ΓÄ»
ΓÄ»ΓÄ»ΓÄ»[10/12]ΓÄ»[2
2m[39m

[41m[1m FAIL 
[22m[49m tests/jwt_r
oles.test.js[2m > 
[22mRole-Based JWT 
Authentication & 
Session Tests[2m > 
[22m3. Middleware 
Security 
Enforcements[2m > 
[22mshould reject 
access with invalid 
token signature
[31m[1mAssertionErro
r[22m: expected 200 
to be 401 // 
Object.is 
equality[39m

[32m- Expected[39m
[31m+ Received[39m

[32m- 401[39m
[31m+ 200[39m

[36m [2mΓ¥»[22m tes
ts/jwt_roles.test.js:
[2m105:32[22m[39m
    [90m103| [39m   
             [33m.[3
9m[35mset[39m([32m'
x-device-hash'[39m[3
3m,[39m [32m'test-ad
min-device'[39m)[33m
;[39m
    [90m104| [39m
    [90m105| [39m   
         [34mexpect[
39m(res[33m.[39mstat
us)[33m.[39m[34mtoB
e[39m([34m401[39m)
[33m;[39m
    [90m   | [39m   
                      
      [31m^[39m
    [90m106| [39m   
         expect(res.bo
dy.error).toContain('I
nvalid or expired 
sessiΓÇª
    [90m107| [39m   
     })[33m;[39m

[31m[2mΓÄ»ΓÄ»ΓÄ»ΓÄ»Γ
Ä»ΓÄ»ΓÄ»ΓÄ»ΓÄ»ΓÄ»ΓÄ»ΓÄ
»ΓÄ»ΓÄ»ΓÄ»ΓÄ»ΓÄ»ΓÄ»ΓÄ»
ΓÄ»ΓÄ»ΓÄ»[11/12]ΓÄ»[2
2m[39m

[41m[1m FAIL 
[22m[49m tests/jwt_r
oles.test.js[2m > 
[22mRole-Based JWT 
Authentication & 
Session Tests[2m > 
[22m3. Middleware 
Security 
Enforcements[2m > 
[22mshould reject 
access with device 
mismatch
[31m[1mAssertionErro
r[22m: expected 200 
to be 401 // 
Object.is 
equality[39m

[32m- Expected[39m
[31m+ Received[39m

[32m- 401[39m
[31m+ 200[39m

[36m [2mΓ¥»[22m tes
ts/jwt_roles.test.js:
[2m115:32[22m[39m
    [90m113| [39m   
             [33m.[3
9m[35mset[39m([32m'
x-device-hash'[39m[3
3m,[39m [32m'wrong-d
evice'[39m)[33m;[39
m
    [90m114| [39m
    [90m115| [39m   
         [34mexpect[
39m(res[33m.[39mstat
us)[33m.[39m[34mtoB
e[39m([34m401[39m)
[33m;[39m
    [90m   | [39m   
                      
      [31m^[39m
    [90m116| [39m   
         [34mexpect[
39m(res[33m.[39mbody
[33m.[39merror)[33m
.[39m[34mtoContain[
39m([32m'Device misma
tch'[39m)[33m;[39m
    [90m117| [39m   
     })[33m;[39m

[31m[2mΓÄ»ΓÄ»ΓÄ»ΓÄ»Γ
Ä»ΓÄ»ΓÄ»ΓÄ»ΓÄ»ΓÄ»ΓÄ»ΓÄ
»ΓÄ»ΓÄ»ΓÄ»ΓÄ»ΓÄ»ΓÄ»ΓÄ»
ΓÄ»ΓÄ»ΓÄ»[12/12]ΓÄ»[2
2m[39m

